
  =============================================
  Session Activity:
    - Time: 2024-11-01 18:58:12 +07
    - SessionID: kZ5AUE15DsULZHVar1QFr0RKhejHkkgZ
    - Method: POST
    - URL: /api/csp-violation
    - IP: ::ffff:127.0.0.1
    - UserAgent: curl/7.81.0
    - Referer: None
    - Created: 2024-11-01 18:58:12 +07
    - Expires: 2024-11-01 19:58:12 +07
    - Last Access: 2024-11-01 18:58:12 +07
  =============================================

  =============================================
  Session Activity:
    - Time: 2024-11-01 18:58:54 +07
    - SessionID: 424BmQLd_z9goP0Iv_4f-Y8pxKUBRmXP
    - Method: POST
    - URL: /api/set-session
    - IP: ::ffff:127.0.0.1
    - UserAgent: curl/7.81.0
    - Referer: None
    - Created: 2024-11-01 18:58:54 +07
    - Expires: 2024-11-01 19:58:54 +07
    - Last Access: 2024-11-01 18:58:54 +07
  =============================================

  =============================================
  Session Activity:
    - Time: 2024-11-01 19:01:55 +07
    - SessionID: kHKSwcZ8nOZBv-Q_F5IdtHP3Vb1Sr3JR
    - Method: POST
    - URL: /api/set-session
    - IP: ::ffff:127.0.0.1
    - UserAgent: curl/7.81.0
    - Referer: None
    - Created: 2024-11-01 19:01:55 +07
    - Expires: 2024-11-01 20:01:55 +07
    - Last Access: 2024-11-01 19:01:55 +07
  =============================================

  =============================================
  Session Activity:
    - Time: 2024-11-01 19:15:55 +07
    - SessionID: wsb1ivs4LByN8nZUdxnRHwtFAqXMJHCP
    - Method: POST
    - URL: /api/set-session
    - IP: ::ffff:127.0.0.1
    - UserAgent: curl/7.81.0
    - Referer: None
    - Created: 2024-11-01 19:15:55 +07
    - Expires: 2024-11-01 20:15:55 +07
    - Last Access: 2024-11-01 19:15:55 +07
  =============================================

  =============================================
  Session Activity:
    - Time: 2024-11-01 19:16:40 +07
    - SessionID: CU5_zyvLD0dAz8I8689xzU5BRdPJPl0o
    - Method: POST
    - URL: /api/csp-violation
    - IP: ::ffff:127.0.0.1
    - UserAgent: curl/7.81.0
    - Referer: None
    - Created: 2024-11-01 19:16:40 +07
    - Expires: 2024-11-01 20:16:40 +07
    - Last Access: 2024-11-01 19:16:40 +07
  =============================================

  =============================================
  Session Activity:
    - Time: 2024-11-01 19:35:02 +07
    - SessionID: cy_J2yxDVdYl5GrNdM2cwRnFNXd0Us4y
    - Method: POST
    - URL: /api/set-session
    - IP: ::ffff:127.0.0.1
    - UserAgent: curl/7.81.0
    - Referer: None
    - Created: 2024-11-01 19:35:02 +07
    - Expires: 2024-11-01 20:35:02 +07
    - Last Access: 2024-11-01 19:35:02 +07
  =============================================

  =============================================
  Session Activity:
    - Time: 2024-11-01 19:40:34 +07
    - SessionID: wOYrCwb9HJ5u-OxwLL0DwVzayYoaeM7z
    - Method: GET
    - URL: /api/vendor/phpunit/phpunit/src/Util/PHP/eval-stdin.php
    - IP: ::ffff:127.0.0.1
    - UserAgent: Custom-AsyncHttpClient
    - Referer: None
    - Created: 2024-11-01 19:40:34 +07
    - Expires: 2024-11-01 20:40:34 +07
    - Last Access: 2024-11-01 19:40:34 +07
  =============================================

  =============================================
  Session Activity:
    - Time: 2024-11-02 00:06:39 +07
    - SessionID: S7IOKLuErvN_pEhHDDLVBjOci167b6K5
    - Method: GET
    - URL: /api/vendor/phpunit/phpunit/src/Util/PHP/eval-stdin.php
    - IP: ::ffff:127.0.0.1
    - UserAgent: Custom-AsyncHttpClient
    - Referer: None
    - Created: 2024-11-02 00:06:39 +07
    - Expires: 2024-11-02 01:06:39 +07
    - Last Access: 2024-11-02 00:06:39 +07
  =============================================

  =============================================
  Session Activity:
    - Time: 2024-11-02 02:44:52 +07
    - SessionID: ylWQbUIuiTMyPlLrYg-d1FOnbDGwfDCG
    - Method: POST
    - URL: /api/set-session
    - IP: ::ffff:127.0.0.1
    - UserAgent: curl/7.81.0
    - Referer: None
    - Created: 2024-11-02 02:44:52 +07
    - Expires: 2024-11-02 03:44:52 +07
    - Last Access: 2024-11-02 02:44:52 +07
  =============================================

  =============================================
  Session Activity:
    - Time: 2024-11-02 02:45:22 +07
    - SessionID: i0FO5MVEOfsaabMXd2Rmwg1QODq4v3Jp
    - Method: POST
    - URL: /api/csp-violation
    - IP: ::ffff:127.0.0.1
    - UserAgent: curl/7.81.0
    - Referer: None
    - Created: 2024-11-02 02:45:22 +07
    - Expires: 2024-11-02 03:45:22 +07
    - Last Access: 2024-11-02 02:45:22 +07
  =============================================
